MSBUILD : error MSB1008: Only one project can be specified.
    Full command line: 'C:\Program Files\dotnet\sdk\9.0.307\MSBuild.dll -maxcpucount -verbosity:m -tlp:default=auto -nologo -restore -consoleloggerparameters:Summary RamOpt imizerNova.Fresh/ -distributedlogger:Microsoft.DotNet.Tools.MSBuild.MSBuildLogger,C:\Program Files\dotnet\sdk\9.0.307\dotnet.dll*Microsoft.DotNet.Tools.MSBuild.MSBuildForwardingLogger,C:\Program Files\dotnet\sdk\9.0.307\dotnet.dll'
  Switches appended by response files:
Switch: imizerNova.Fresh/

For switch syntax, type "MSBuild -help"
