  Determining projects to restore...
  All projects are up-to-date for restore.
C:\Users\Jarrod\Desktop\VS Code Projects\Ram optimiser\RamOptimizerNova.Fresh\Services\ErrorHandlingAndLoggingService.cs(750,5): error CS1003: Syntax error, ')' expected [C:\Users\Jarrod\Desktop\VS Code Projects\Ram optimiser\RamOptimizerNova.Fresh\RamOptimizerNova.csproj]
C:\Users\Jarrod\Desktop\VS Code Projects\Ram optimiser\RamOptimizerNova.Fresh\Services\ErrorHandlingAndLoggingService.cs(746,53): error CS1073: Unexpected token ';' [C:\Users\Jarrod\Desktop\VS Code Projects\Ram optimiser\RamOptimizerNova.Fresh\RamOptimizerNova.csproj]
C:\Users\Jarrod\Desktop\VS Code Projects\Ram optimiser\RamOptimizerNova.Fresh\Services\ErrorHandlingAndLoggingService.cs(746,125): error CS8086: A '}' character must be escaped (by doubling) in an interpolated string. [C:\Users\Jarrod\Desktop\VS Code Projects\Ram optimiser\RamOptimizerNova.Fresh\RamOptimizerNova.csproj]
C:\Users\Jarrod\Desktop\VS Code Projects\Ram optimiser\RamOptimizerNova.Fresh\Services\ErrorHandlingAndLoggingService.cs(746,128): error CS1003: Syntax error, ',' expected [C:\Users\Jarrod\Desktop\VS Code Projects\Ram optimiser\RamOptimizerNova.Fresh\RamOptimizerNova.csproj]
C:\Users\Jarrod\Desktop\VS Code Projects\Ram optimiser\RamOptimizerNova.Fresh\Services\ErrorHandlingAndLoggingService.cs(746,130): error CS1003: Syntax error, ',' expected [C:\Users\Jarrod\Desktop\VS Code Projects\Ram optimiser\RamOptimizerNova.Fresh\RamOptimizerNova.csproj]
C:\Users\Jarrod\Desktop\VS Code Projects\Ram optimiser\RamOptimizerNova.Fresh\Services\ErrorHandlingAndLoggingService.cs(746,136): error CS1026: ) expected [C:\Users\Jarrod\Desktop\VS Code Projects\Ram optimiser\RamOptimizerNova.Fresh\RamOptimizerNova.csproj]
C:\Users\Jarrod\Desktop\VS Code Projects\Ram optimiser\RamOptimizerNova.Fresh\Services\ErrorHandlingAndLoggingService.cs(768,35): error CS1003: Syntax error, ':' expected [C:\Users\Jarrod\Desktop\VS Code Projects\Ram optimiser\RamOptimizerNova.Fresh\RamOptimizerNova.csproj]
C:\Users\Jarrod\Desktop\VS Code Projects\Ram optimiser\RamOptimizerNova.Fresh\Services\ErrorHandlingAndLoggingService.cs(768,41): error CS1002: ; expected [C:\Users\Jarrod\Desktop\VS Code Projects\Ram optimiser\RamOptimizerNova.Fresh\RamOptimizerNova.csproj]
C:\Users\Jarrod\Desktop\VS Code Projects\Ram optimiser\RamOptimizerNova.Fresh\Services\ErrorHandlingAndLoggingService.cs(768,51): error CS1002: ; expected [C:\Users\Jarrod\Desktop\VS Code Projects\Ram optimiser\RamOptimizerNova.Fresh\RamOptimizerNova.csproj]
C:\Users\Jarrod\Desktop\VS Code Projects\Ram optimiser\RamOptimizerNova.Fresh\Services\ErrorHandlingAndLoggingService.cs(768,58): error CS1002: ; expected [C:\Users\Jarrod\Desktop\VS Code Projects\Ram optimiser\RamOptimizerNova.Fresh\RamOptimizerNova.csproj]
C:\Users\Jarrod\Desktop\VS Code Projects\Ram optimiser\RamOptimizerNova.Fresh\Services\ErrorHandlingAndLoggingService.cs(768,58): error CS1010: Newline in constant [C:\Users\Jarrod\Desktop\VS Code Projects\Ram optimiser\RamOptimizerNova.Fresh\RamOptimizerNova.csproj]
C:\Users\Jarrod\Desktop\VS Code Projects\Ram optimiser\RamOptimizerNova.Fresh\Services\ErrorHandlingAndLoggingService.cs(768,61): error CS1002: ; expected [C:\Users\Jarrod\Desktop\VS Code Projects\Ram optimiser\RamOptimizerNova.Fresh\RamOptimizerNova.csproj]
C:\Users\Jarrod\Desktop\VS Code Projects\Ram optimiser\RamOptimizerNova.Fresh\Services\ErrorHandlingAndLoggingService.cs(770,9): error CS1519: Invalid token 'finally' in a member declaration [C:\Users\Jarrod\Desktop\VS Code Projects\Ram optimiser\RamOptimizerNova.Fresh\RamOptimizerNova.csproj]
C:\Users\Jarrod\Desktop\VS Code Projects\Ram optimiser\RamOptimizerNova.Fresh\Services\ErrorHandlingAndLoggingService.cs(772,33): error CS1519: Invalid token '(' in a member declaration [C:\Users\Jarrod\Desktop\VS Code Projects\Ram optimiser\RamOptimizerNova.Fresh\RamOptimizerNova.csproj]
C:\Users\Jarrod\Desktop\VS Code Projects\Ram optimiser\RamOptimizerNova.Fresh\Services\ErrorHandlingAndLoggingService.cs(772,34): error CS8124: Tuple must contain at least two elements. [C:\Users\Jarrod\Desktop\VS Code Projects\Ram optimiser\RamOptimizerNova.Fresh\RamOptimizerNova.csproj]
C:\Users\Jarrod\Desktop\VS Code Projects\Ram optimiser\RamOptimizerNova.Fresh\Services\ErrorHandlingAndLoggingService.cs(772,35): error CS1519: Invalid token ';' in a member declaration [C:\Users\Jarrod\Desktop\VS Code Projects\Ram optimiser\RamOptimizerNova.Fresh\RamOptimizerNova.csproj]
C:\Users\Jarrod\Desktop\VS Code Projects\Ram optimiser\RamOptimizerNova.Fresh\Services\ErrorHandlingAndLoggingService.cs(774,5): error CS1022: Type or namespace definition, or end-of-file expected [C:\Users\Jarrod\Desktop\VS Code Projects\Ram optimiser\RamOptimizerNova.Fresh\RamOptimizerNova.csproj]
C:\Users\Jarrod\Desktop\VS Code Projects\Ram optimiser\RamOptimizerNova.Fresh\Services\ErrorHandlingAndLoggingService.cs(776,5): error CS8803: Top-level statements must precede namespace and type declarations. [C:\Users\Jarrod\Desktop\VS Code Projects\Ram optimiser\RamOptimizerNova.Fresh\RamOptimizerNova.csproj]
C:\Users\Jarrod\Desktop\VS Code Projects\Ram optimiser\RamOptimizerNova.Fresh\Services\ErrorHandlingAndLoggingService.cs(776,5): error CS0106: The modifier 'private' is not valid for this item [C:\Users\Jarrod\Desktop\VS Code Projects\Ram optimiser\RamOptimizerNova.Fresh\RamOptimizerNova.csproj]
C:\Users\Jarrod\Desktop\VS Code Projects\Ram optimiser\RamOptimizerNova.Fresh\Services\ErrorHandlingAndLoggingService.cs(806,5): error CS0106: The modifier 'private' is not valid for this item [C:\Users\Jarrod\Desktop\VS Code Projects\Ram optimiser\RamOptimizerNova.Fresh\RamOptimizerNova.csproj]
C:\Users\Jarrod\Desktop\VS Code Projects\Ram optimiser\RamOptimizerNova.Fresh\Services\ErrorHandlingAndLoggingService.cs(835,5): error CS0106: The modifier 'private' is not valid for this item [C:\Users\Jarrod\Desktop\VS Code Projects\Ram optimiser\RamOptimizerNova.Fresh\RamOptimizerNova.csproj]
C:\Users\Jarrod\Desktop\VS Code Projects\Ram optimiser\RamOptimizerNova.Fresh\Services\ErrorHandlingAndLoggingService.cs(840,5): error CS0106: The modifier 'private' is not valid for this item [C:\Users\Jarrod\Desktop\VS Code Projects\Ram optimiser\RamOptimizerNova.Fresh\RamOptimizerNova.csproj]
C:\Users\Jarrod\Desktop\VS Code Projects\Ram optimiser\RamOptimizerNova.Fresh\Services\ErrorHandlingAndLoggingService.cs(866,5): error CS0106: The modifier 'private' is not valid for this item [C:\Users\Jarrod\Desktop\VS Code Projects\Ram optimiser\RamOptimizerNova.Fresh\RamOptimizerNova.csproj]
C:\Users\Jarrod\Desktop\VS Code Projects\Ram optimiser\RamOptimizerNova.Fresh\Services\ErrorHandlingAndLoggingService.cs(888,5): error CS0106: The modifier 'private' is not valid for this item [C:\Users\Jarrod\Desktop\VS Code Projects\Ram optimiser\RamOptimizerNova.Fresh\RamOptimizerNova.csproj]
C:\Users\Jarrod\Desktop\VS Code Projects\Ram optimiser\RamOptimizerNova.Fresh\Services\ErrorHandlingAndLoggingService.cs(905,5): error CS0106: The modifier 'private' is not valid for this item [C:\Users\Jarrod\Desktop\VS Code Projects\Ram optimiser\RamOptimizerNova.Fresh\RamOptimizerNova.csproj]
C:\Users\Jarrod\Desktop\VS Code Projects\Ram optimiser\RamOptimizerNova.Fresh\Services\ErrorHandlingAndLoggingService.cs(922,5): error CS0106: The modifier 'private' is not valid for this item [C:\Users\Jarrod\Desktop\VS Code Projects\Ram optimiser\RamOptimizerNova.Fresh\RamOptimizerNova.csproj]
C:\Users\Jarrod\Desktop\VS Code Projects\Ram optimiser\RamOptimizerNova.Fresh\Services\ErrorHandlingAndLoggingService.cs(950,5): error CS0106: The modifier 'private' is not valid for this item [C:\Users\Jarrod\Desktop\VS Code Projects\Ram optimiser\RamOptimizerNova.Fresh\RamOptimizerNova.csproj]
C:\Users\Jarrod\Desktop\VS Code Projects\Ram optimiser\RamOptimizerNova.Fresh\Services\ErrorHandlingAndLoggingService.cs(983,5): error CS0106: The modifier 'private' is not valid for this item [C:\Users\Jarrod\Desktop\VS Code Projects\Ram optimiser\RamOptimizerNova.Fresh\RamOptimizerNova.csproj]
C:\Users\Jarrod\Desktop\VS Code Projects\Ram optimiser\RamOptimizerNova.Fresh\Services\ErrorHandlingAndLoggingService.cs(1006,5): error CS0106: The modifier 'private' is not valid for this item [C:\Users\Jarrod\Desktop\VS Code Projects\Ram optimiser\RamOptimizerNova.Fresh\RamOptimizerNova.csproj]
C:\Users\Jarrod\Desktop\VS Code Projects\Ram optimiser\RamOptimizerNova.Fresh\Services\ErrorHandlingAndLoggingService.cs(1018,5): error CS0106: The modifier 'private' is not valid for this item [C:\Users\Jarrod\Desktop\VS Code Projects\Ram optimiser\RamOptimizerNova.Fresh\RamOptimizerNova.csproj]
C:\Users\Jarrod\Desktop\VS Code Projects\Ram optimiser\RamOptimizerNova.Fresh\Services\ErrorHandlingAndLoggingService.cs(1030,5): error CS0106: The modifier 'private' is not valid for this item [C:\Users\Jarrod\Desktop\VS Code Projects\Ram optimiser\RamOptimizerNova.Fresh\RamOptimizerNova.csproj]
C:\Users\Jarrod\Desktop\VS Code Projects\Ram optimiser\RamOptimizerNova.Fresh\Services\ErrorHandlingAndLoggingService.cs(1042,5): error CS0106: The modifier 'private' is not valid for this item [C:\Users\Jarrod\Desktop\VS Code Projects\Ram optimiser\RamOptimizerNova.Fresh\RamOptimizerNova.csproj]
C:\Users\Jarrod\Desktop\VS Code Projects\Ram optimiser\RamOptimizerNova.Fresh\Services\ErrorHandlingAndLoggingService.cs(1054,5): error CS0106: The modifier 'private' is not valid for this item [C:\Users\Jarrod\Desktop\VS Code Projects\Ram optimiser\RamOptimizerNova.Fresh\RamOptimizerNova.csproj]
C:\Users\Jarrod\Desktop\VS Code Projects\Ram optimiser\RamOptimizerNova.Fresh\Services\ErrorHandlingAndLoggingService.cs(1066,5): error CS0106: The modifier 'public' is not valid for this item [C:\Users\Jarrod\Desktop\VS Code Projects\Ram optimiser\RamOptimizerNova.Fresh\RamOptimizerNova.csproj]
C:\Users\Jarrod\Desktop\VS Code Projects\Ram optimiser\RamOptimizerNova.Fresh\Services\ErrorHandlingAndLoggingService.cs(1077,1): error CS1022: Type or namespace definition, or end-of-file expected [C:\Users\Jarrod\Desktop\VS Code Projects\Ram optimiser\RamOptimizerNova.Fresh\RamOptimizerNova.csproj]

Build FAILED.

C:\Users\Jarrod\Desktop\VS Code Projects\Ram optimiser\RamOptimizerNova.Fresh\Services\ErrorHandlingAndLoggingService.cs(750,5): error CS1003: Syntax error, ')' expected [C:\Users\Jarrod\Desktop\VS Code Projects\Ram optimiser\RamOptimizerNova.Fresh\RamOptimizerNova.csproj]
C:\Users\Jarrod\Desktop\VS Code Projects\Ram optimiser\RamOptimizerNova.Fresh\Services\ErrorHandlingAndLoggingService.cs(746,53): error CS1073: Unexpected token ';' [C:\Users\Jarrod\Desktop\VS Code Projects\Ram optimiser\RamOptimizerNova.Fresh\RamOptimizerNova.csproj]
C:\Users\Jarrod\Desktop\VS Code Projects\Ram optimiser\RamOptimizerNova.Fresh\Services\ErrorHandlingAndLoggingService.cs(746,125): error CS8086: A '}' character must be escaped (by doubling) in an interpolated string. [C:\Users\Jarrod\Desktop\VS Code Projects\Ram optimiser\RamOptimizerNova.Fresh\RamOptimizerNova.csproj]
C:\Users\Jarrod\Desktop\VS Code Projects\Ram optimiser\RamOptimizerNova.Fresh\Services\ErrorHandlingAndLoggingService.cs(746,128): error CS1003: Syntax error, ',' expected [C:\Users\Jarrod\Desktop\VS Code Projects\Ram optimiser\RamOptimizerNova.Fresh\RamOptimizerNova.csproj]
C:\Users\Jarrod\Desktop\VS Code Projects\Ram optimiser\RamOptimizerNova.Fresh\Services\ErrorHandlingAndLoggingService.cs(746,130): error CS1003: Syntax error, ',' expected [C:\Users\Jarrod\Desktop\VS Code Projects\Ram optimiser\RamOptimizerNova.Fresh\RamOptimizerNova.csproj]
C:\Users\Jarrod\Desktop\VS Code Projects\Ram optimiser\RamOptimizerNova.Fresh\Services\ErrorHandlingAndLoggingService.cs(746,136): error CS1026: ) expected [C:\Users\Jarrod\Desktop\VS Code Projects\Ram optimiser\RamOptimizerNova.Fresh\RamOptimizerNova.csproj]
C:\Users\Jarrod\Desktop\VS Code Projects\Ram optimiser\RamOptimizerNova.Fresh\Services\ErrorHandlingAndLoggingService.cs(768,35): error CS1003: Syntax error, ':' expected [C:\Users\Jarrod\Desktop\VS Code Projects\Ram optimiser\RamOptimizerNova.Fresh\RamOptimizerNova.csproj]
C:\Users\Jarrod\Desktop\VS Code Projects\Ram optimiser\RamOptimizerNova.Fresh\Services\ErrorHandlingAndLoggingService.cs(768,41): error CS1002: ; expected [C:\Users\Jarrod\Desktop\VS Code Projects\Ram optimiser\RamOptimizerNova.Fresh\RamOptimizerNova.csproj]
C:\Users\Jarrod\Desktop\VS Code Projects\Ram optimiser\RamOptimizerNova.Fresh\Services\ErrorHandlingAndLoggingService.cs(768,51): error CS1002: ; expected [C:\Users\Jarrod\Desktop\VS Code Projects\Ram optimiser\RamOptimizerNova.Fresh\RamOptimizerNova.csproj]
C:\Users\Jarrod\Desktop\VS Code Projects\Ram optimiser\RamOptimizerNova.Fresh\Services\ErrorHandlingAndLoggingService.cs(768,58): error CS1002: ; expected [C:\Users\Jarrod\Desktop\VS Code Projects\Ram optimiser\RamOptimizerNova.Fresh\RamOptimizerNova.csproj]
C:\Users\Jarrod\Desktop\VS Code Projects\Ram optimiser\RamOptimizerNova.Fresh\Services\ErrorHandlingAndLoggingService.cs(768,58): error CS1010: Newline in constant [C:\Users\Jarrod\Desktop\VS Code Projects\Ram optimiser\RamOptimizerNova.Fresh\RamOptimizerNova.csproj]
C:\Users\Jarrod\Desktop\VS Code Projects\Ram optimiser\RamOptimizerNova.Fresh\Services\ErrorHandlingAndLoggingService.cs(768,61): error CS1002: ; expected [C:\Users\Jarrod\Desktop\VS Code Projects\Ram optimiser\RamOptimizerNova.Fresh\RamOptimizerNova.csproj]
C:\Users\Jarrod\Desktop\VS Code Projects\Ram optimiser\RamOptimizerNova.Fresh\Services\ErrorHandlingAndLoggingService.cs(770,9): error CS1519: Invalid token 'finally' in a member declaration [C:\Users\Jarrod\Desktop\VS Code Projects\Ram optimiser\RamOptimizerNova.Fresh\RamOptimizerNova.csproj]
C:\Users\Jarrod\Desktop\VS Code Projects\Ram optimiser\RamOptimizerNova.Fresh\Services\ErrorHandlingAndLoggingService.cs(772,33): error CS1519: Invalid token '(' in a member declaration [C:\Users\Jarrod\Desktop\VS Code Projects\Ram optimiser\RamOptimizerNova.Fresh\RamOptimizerNova.csproj]
C:\Users\Jarrod\Desktop\VS Code Projects\Ram optimiser\RamOptimizerNova.Fresh\Services\ErrorHandlingAndLoggingService.cs(772,34): error CS8124: Tuple must contain at least two elements. [C:\Users\Jarrod\Desktop\VS Code Projects\Ram optimiser\RamOptimizerNova.Fresh\RamOptimizerNova.csproj]
C:\Users\Jarrod\Desktop\VS Code Projects\Ram optimiser\RamOptimizerNova.Fresh\Services\ErrorHandlingAndLoggingService.cs(772,35): error CS1519: Invalid token ';' in a member declaration [C:\Users\Jarrod\Desktop\VS Code Projects\Ram optimiser\RamOptimizerNova.Fresh\RamOptimizerNova.csproj]
C:\Users\Jarrod\Desktop\VS Code Projects\Ram optimiser\RamOptimizerNova.Fresh\Services\ErrorHandlingAndLoggingService.cs(774,5): error CS1022: Type or namespace definition, or end-of-file expected [C:\Users\Jarrod\Desktop\VS Code Projects\Ram optimiser\RamOptimizerNova.Fresh\RamOptimizerNova.csproj]
C:\Users\Jarrod\Desktop\VS Code Projects\Ram optimiser\RamOptimizerNova.Fresh\Services\ErrorHandlingAndLoggingService.cs(776,5): error CS8803: Top-level statements must precede namespace and type declarations. [C:\Users\Jarrod\Desktop\VS Code Projects\Ram optimiser\RamOptimizerNova.Fresh\RamOptimizerNova.csproj]
C:\Users\Jarrod\Desktop\VS Code Projects\Ram optimiser\RamOptimizerNova.Fresh\Services\ErrorHandlingAndLoggingService.cs(776,5): error CS0106: The modifier 'private' is not valid for this item [C:\Users\Jarrod\Desktop\VS Code Projects\Ram optimiser\RamOptimizerNova.Fresh\RamOptimizerNova.csproj]
C:\Users\Jarrod\Desktop\VS Code Projects\Ram optimiser\RamOptimizerNova.Fresh\Services\ErrorHandlingAndLoggingService.cs(806,5): error CS0106: The modifier 'private' is not valid for this item [C:\Users\Jarrod\Desktop\VS Code Projects\Ram optimiser\RamOptimizerNova.Fresh\RamOptimizerNova.csproj]
C:\Users\Jarrod\Desktop\VS Code Projects\Ram optimiser\RamOptimizerNova.Fresh\Services\ErrorHandlingAndLoggingService.cs(835,5): error CS0106: The modifier 'private' is not valid for this item [C:\Users\Jarrod\Desktop\VS Code Projects\Ram optimiser\RamOptimizerNova.Fresh\RamOptimizerNova.csproj]
C:\Users\Jarrod\Desktop\VS Code Projects\Ram optimiser\RamOptimizerNova.Fresh\Services\ErrorHandlingAndLoggingService.cs(840,5): error CS0106: The modifier 'private' is not valid for this item [C:\Users\Jarrod\Desktop\VS Code Projects\Ram optimiser\RamOptimizerNova.Fresh\RamOptimizerNova.csproj]
C:\Users\Jarrod\Desktop\VS Code Projects\Ram optimiser\RamOptimizerNova.Fresh\Services\ErrorHandlingAndLoggingService.cs(866,5): error CS0106: The modifier 'private' is not valid for this item [C:\Users\Jarrod\Desktop\VS Code Projects\Ram optimiser\RamOptimizerNova.Fresh\RamOptimizerNova.csproj]
C:\Users\Jarrod\Desktop\VS Code Projects\Ram optimiser\RamOptimizerNova.Fresh\Services\ErrorHandlingAndLoggingService.cs(888,5): error CS0106: The modifier 'private' is not valid for this item [C:\Users\Jarrod\Desktop\VS Code Projects\Ram optimiser\RamOptimizerNova.Fresh\RamOptimizerNova.csproj]
C:\Users\Jarrod\Desktop\VS Code Projects\Ram optimiser\RamOptimizerNova.Fresh\Services\ErrorHandlingAndLoggingService.cs(905,5): error CS0106: The modifier 'private' is not valid for this item [C:\Users\Jarrod\Desktop\VS Code Projects\Ram optimiser\RamOptimizerNova.Fresh\RamOptimizerNova.csproj]
C:\Users\Jarrod\Desktop\VS Code Projects\Ram optimiser\RamOptimizerNova.Fresh\Services\ErrorHandlingAndLoggingService.cs(922,5): error CS0106: The modifier 'private' is not valid for this item [C:\Users\Jarrod\Desktop\VS Code Projects\Ram optimiser\RamOptimizerNova.Fresh\RamOptimizerNova.csproj]
C:\Users\Jarrod\Desktop\VS Code Projects\Ram optimiser\RamOptimizerNova.Fresh\Services\ErrorHandlingAndLoggingService.cs(950,5): error CS0106: The modifier 'private' is not valid for this item [C:\Users\Jarrod\Desktop\VS Code Projects\Ram optimiser\RamOptimizerNova.Fresh\RamOptimizerNova.csproj]
C:\Users\Jarrod\Desktop\VS Code Projects\Ram optimiser\RamOptimizerNova.Fresh\Services\ErrorHandlingAndLoggingService.cs(983,5): error CS0106: The modifier 'private' is not valid for this item [C:\Users\Jarrod\Desktop\VS Code Projects\Ram optimiser\RamOptimizerNova.Fresh\RamOptimizerNova.csproj]
C:\Users\Jarrod\Desktop\VS Code Projects\Ram optimiser\RamOptimizerNova.Fresh\Services\ErrorHandlingAndLoggingService.cs(1006,5): error CS0106: The modifier 'private' is not valid for this item [C:\Users\Jarrod\Desktop\VS Code Projects\Ram optimiser\RamOptimizerNova.Fresh\RamOptimizerNova.csproj]
C:\Users\Jarrod\Desktop\VS Code Projects\Ram optimiser\RamOptimizerNova.Fresh\Services\ErrorHandlingAndLoggingService.cs(1018,5): error CS0106: The modifier 'private' is not valid for this item [C:\Users\Jarrod\Desktop\VS Code Projects\Ram optimiser\RamOptimizerNova.Fresh\RamOptimizerNova.csproj]
C:\Users\Jarrod\Desktop\VS Code Projects\Ram optimiser\RamOptimizerNova.Fresh\Services\ErrorHandlingAndLoggingService.cs(1030,5): error CS0106: The modifier 'private' is not valid for this item [C:\Users\Jarrod\Desktop\VS Code Projects\Ram optimiser\RamOptimizerNova.Fresh\RamOptimizerNova.csproj]
C:\Users\Jarrod\Desktop\VS Code Projects\Ram optimiser\RamOptimizerNova.Fresh\Services\ErrorHandlingAndLoggingService.cs(1042,5): error CS0106: The modifier 'private' is not valid for this item [C:\Users\Jarrod\Desktop\VS Code Projects\Ram optimiser\RamOptimizerNova.Fresh\RamOptimizerNova.csproj]
C:\Users\Jarrod\Desktop\VS Code Projects\Ram optimiser\RamOptimizerNova.Fresh\Services\ErrorHandlingAndLoggingService.cs(1054,5): error CS0106: The modifier 'private' is not valid for this item [C:\Users\Jarrod\Desktop\VS Code Projects\Ram optimiser\RamOptimizerNova.Fresh\RamOptimizerNova.csproj]
C:\Users\Jarrod\Desktop\VS Code Projects\Ram optimiser\RamOptimizerNova.Fresh\Services\ErrorHandlingAndLoggingService.cs(1066,5): error CS0106: The modifier 'public' is not valid for this item [C:\Users\Jarrod\Desktop\VS Code Projects\Ram optimiser\RamOptimizerNova.Fresh\RamOptimizerNova.csproj]
C:\Users\Jarrod\Desktop\VS Code Projects\Ram optimiser\RamOptimizerNova.Fresh\Services\ErrorHandlingAndLoggingService.cs(1077,1): error CS1022: Type or namespace definition, or end-of-file expected [C:\Users\Jarrod\Desktop\VS Code Projects\Ram optimiser\RamOptimizerNova.Fresh\RamOptimizerNova.csproj]
    0 Warning(s)
    35 Error(s)

Time Elapsed 00:00:01.86
