  Determining projects to restore...
  All projects are up-to-date for restore.
  Logging -> C:\Users\Jarrod\Desktop\VS Code Projects\Ram optimiser\src\Logging\bin\Debug\net8.0\Logging.dll
  Core -> C:\Users\Jarrod\Desktop\VS Code Projects\Ram optimiser\src\Core\bin\Debug\net8.0\Core.dll
  ProcessManagement -> C:\Users\Jarrod\Desktop\VS Code Projects\Ram optimiser\src\ProcessManagement\bin\Debug\net8.0\ProcessManagement.dll
C:\Users\Jarrod\Desktop\VS Code Projects\Ram optimiser\src\HardwareControl\Monitoring\AcpiMonitoringService.cs(25,27): warning CS8618: Non-nullable property 'ProcessName' must contain a non-null value when exiting constructor. Consider adding the 'required' modifier or declaring the property as nullable. [C:\Users\Jarrod\Desktop\VS Code Projects\Ram optimiser\src\HardwareControl\HardwareControl.csproj]
C:\Users\Jarrod\Desktop\VS Code Projects\Ram optimiser\src\HardwareControl\Monitoring\AcpiMonitoringService.cs(30,27): warning CS8618: Non-nullable property 'Description' must contain a non-null value when exiting constructor. Consider adding the 'required' modifier or declaring the property as nullable. [C:\Users\Jarrod\Desktop\VS Code Projects\Ram optimiser\src\HardwareControl\HardwareControl.csproj]
C:\Users\Jarrod\Desktop\VS Code Projects\Ram optimiser\src\HardwareControl\HardwareSnapshot.cs(92,20): error CS1061: 'ILogger' does not contain a definition for 'LogInformation' and no accessible extension method 'LogInformation' accepting a first argument of type 'ILogger' could be found (are you missing a using directive or an assembly reference?) [C:\Users\Jarrod\Desktop\VS Code Projects\Ram optimiser\src\HardwareControl\HardwareControl.csproj]
C:\Users\Jarrod\Desktop\VS Code Projects\Ram optimiser\src\HardwareControl\HardwareSnapshot.cs(100,24): error CS1061: 'ILogger' does not contain a definition for 'LogInformation' and no accessible extension method 'LogInformation' accepting a first argument of type 'ILogger' could be found (are you missing a using directive or an assembly reference?) [C:\Users\Jarrod\Desktop\VS Code Projects\Ram optimiser\src\HardwareControl\HardwareControl.csproj]
C:\Users\Jarrod\Desktop\VS Code Projects\Ram optimiser\src\HardwareControl\HardwareSnapshot.cs(108,24): error CS1061: 'ILogger' does not contain a definition for 'LogInformation' and no accessible extension method 'LogInformation' accepting a first argument of type 'ILogger' could be found (are you missing a using directive or an assembly reference?) [C:\Users\Jarrod\Desktop\VS Code Projects\Ram optimiser\src\HardwareControl\HardwareControl.csproj]
C:\Users\Jarrod\Desktop\VS Code Projects\Ram optimiser\src\HardwareControl\HardwareSnapshot.cs(115,24): error CS1061: 'ILogger' does not contain a definition for 'LogInformation' and no accessible extension method 'LogInformation' accepting a first argument of type 'ILogger' could be found (are you missing a using directive or an assembly reference?) [C:\Users\Jarrod\Desktop\VS Code Projects\Ram optimiser\src\HardwareControl\HardwareControl.csproj]
C:\Users\Jarrod\Desktop\VS Code Projects\Ram optimiser\src\HardwareControl\HardwareSnapshot.cs(125,20): error CS1061: 'ILogger' does not contain a definition for 'LogError' and no accessible extension method 'LogError' accepting a first argument of type 'ILogger' could be found (are you missing a using directive or an assembly reference?) [C:\Users\Jarrod\Desktop\VS Code Projects\Ram optimiser\src\HardwareControl\HardwareControl.csproj]
C:\Users\Jarrod\Desktop\VS Code Projects\Ram optimiser\src\HardwareControl\SafeAcpiInterface.cs(31,58): error CS1503: Argument 1: cannot convert from 'RamOptimizer.HardwareControl.AsusAcpiInterface' to 'RamOptimizer.Core.Interfaces.IHardwareController' [C:\Users\Jarrod\Desktop\VS Code Projects\Ram optimiser\src\HardwareControl\HardwareControl.csproj]
C:\Users\Jarrod\Desktop\VS Code Projects\Ram optimiser\src\HardwareControl\SafeAcpiInterface.cs(60,45): error CS1503: Argument 1: cannot convert from 'RamOptimizer.HardwareControl.AsusAcpiInterface' to 'RamOptimizer.Core.Interfaces.IHardwareController' [C:\Users\Jarrod\Desktop\VS Code Projects\Ram optimiser\src\HardwareControl\HardwareControl.csproj]
C:\Users\Jarrod\Desktop\VS Code Projects\Ram optimiser\src\HardwareControl\SafeAcpiInterface.cs(131,45): error CS1503: Argument 1: cannot convert from 'RamOptimizer.HardwareControl.AsusAcpiInterface' to 'RamOptimizer.Core.Interfaces.IHardwareController' [C:\Users\Jarrod\Desktop\VS Code Projects\Ram optimiser\src\HardwareControl\HardwareControl.csproj]
C:\Users\Jarrod\Desktop\VS Code Projects\Ram optimiser\src\HardwareControl\SafeAcpiInterface.cs(195,45): error CS1503: Argument 1: cannot convert from 'RamOptimizer.HardwareControl.AsusAcpiInterface' to 'RamOptimizer.Core.Interfaces.IHardwareController' [C:\Users\Jarrod\Desktop\VS Code Projects\Ram optimiser\src\HardwareControl\HardwareControl.csproj]
C:\Users\Jarrod\Desktop\VS Code Projects\Ram optimiser\src\HardwareControl\SafeAcpiInterface.cs(216,41): error CS1503: Argument 1: cannot convert from 'RamOptimizer.HardwareControl.AsusAcpiInterface' to 'RamOptimizer.Core.Interfaces.IHardwareController' [C:\Users\Jarrod\Desktop\VS Code Projects\Ram optimiser\src\HardwareControl\HardwareControl.csproj]
C:\Users\Jarrod\Desktop\VS Code Projects\Ram optimiser\src\HardwareControl\SafeAcpiInterface.cs(226,43): error CS1503: Argument 1: cannot convert from 'RamOptimizer.HardwareControl.AsusAcpiInterface' to 'RamOptimizer.Core.Interfaces.IHardwareController' [C:\Users\Jarrod\Desktop\VS Code Projects\Ram optimiser\src\HardwareControl\HardwareControl.csproj]
C:\Users\Jarrod\Desktop\VS Code Projects\Ram optimiser\src\HardwareControl\SafeAcpiInterface.cs(234,41): error CS1503: Argument 1: cannot convert from 'RamOptimizer.HardwareControl.AsusAcpiInterface' to 'RamOptimizer.Core.Interfaces.IHardwareController' [C:\Users\Jarrod\Desktop\VS Code Projects\Ram optimiser\src\HardwareControl\HardwareControl.csproj]
C:\Users\Jarrod\Desktop\VS Code Projects\Ram optimiser\src\HardwareControl\StartupManager.cs(32,28): warning CA1416: This call site is reachable on all platforms. 'RegistryKey.GetValue(string?)' is only supported on: 'windows'. (https://learn.microsoft.com/dotnet/fundamentals/code-analysis/quality-rules/ca1416) [C:\Users\Jarrod\Desktop\VS Code Projects\Ram optimiser\src\HardwareControl\HardwareControl.csproj]
C:\Users\Jarrod\Desktop\VS Code Projects\Ram optimiser\src\HardwareControl\StartupManager.cs(31,33): warning CA1416: This call site is reachable on all platforms. 'Registry.CurrentUser' is only supported on: 'windows'. (https://learn.microsoft.com/dotnet/fundamentals/code-analysis/quality-rules/ca1416) [C:\Users\Jarrod\Desktop\VS Code Projects\Ram optimiser\src\HardwareControl\HardwareControl.csproj]
C:\Users\Jarrod\Desktop\VS Code Projects\Ram optimiser\src\HardwareControl\StartupManager.cs(31,33): warning CA1416: This call site is reachable on all platforms. 'RegistryKey.OpenSubKey(string, bool)' is only supported on: 'windows'. (https://learn.microsoft.com/dotnet/fundamentals/code-analysis/quality-rules/ca1416) [C:\Users\Jarrod\Desktop\VS Code Projects\Ram optimiser\src\HardwareControl\HardwareControl.csproj]
C:\Users\Jarrod\Desktop\VS Code Projects\Ram optimiser\src\HardwareControl\StartupManager.cs(82,21): warning CA1416: This call site is reachable on all platforms. 'RegistryKey.DeleteValue(string, bool)' is only supported on: 'windows'. (https://learn.microsoft.com/dotnet/fundamentals/code-analysis/quality-rules/ca1416) [C:\Users\Jarrod\Desktop\VS Code Projects\Ram optimiser\src\HardwareControl\HardwareControl.csproj]
C:\Users\Jarrod\Desktop\VS Code Projects\Ram optimiser\src\HardwareControl\StartupManager.cs(81,33): warning CA1416: This call site is reachable on all platforms. 'RegistryKey.OpenSubKey(string, bool)' is only supported on: 'windows'. (https://learn.microsoft.com/dotnet/fundamentals/code-analysis/quality-rules/ca1416) [C:\Users\Jarrod\Desktop\VS Code Projects\Ram optimiser\src\HardwareControl\HardwareControl.csproj]
C:\Users\Jarrod\Desktop\VS Code Projects\Ram optimiser\src\HardwareControl\StartupManager.cs(81,33): warning CA1416: This call site is reachable on all platforms. 'Registry.CurrentUser' is only supported on: 'windows'. (https://learn.microsoft.com/dotnet/fundamentals/code-analysis/quality-rules/ca1416) [C:\Users\Jarrod\Desktop\VS Code Projects\Ram optimiser\src\HardwareControl\HardwareControl.csproj]
C:\Users\Jarrod\Desktop\VS Code Projects\Ram optimiser\src\HardwareControl\HardwareMonitor.cs(25,32): warning CA1416: This call site is reachable on all platforms. 'PerformanceCounter' is only supported on: 'windows'. (https://learn.microsoft.com/dotnet/fundamentals/code-analysis/quality-rules/ca1416) [C:\Users\Jarrod\Desktop\VS Code Projects\Ram optimiser\src\HardwareControl\HardwareControl.csproj]
C:\Users\Jarrod\Desktop\VS Code Projects\Ram optimiser\src\HardwareControl\StartupManager.cs(65,33): warning CA1416: This call site is reachable on all platforms. 'RegistryKey.OpenSubKey(string, bool)' is only supported on: 'windows'. (https://learn.microsoft.com/dotnet/fundamentals/code-analysis/quality-rules/ca1416) [C:\Users\Jarrod\Desktop\VS Code Projects\Ram optimiser\src\HardwareControl\HardwareControl.csproj]
C:\Users\Jarrod\Desktop\VS Code Projects\Ram optimiser\src\HardwareControl\StartupManager.cs(66,21): warning CA1416: This call site is reachable on all platforms. 'RegistryKey.SetValue(string?, object)' is only supported on: 'windows'. (https://learn.microsoft.com/dotnet/fundamentals/code-analysis/quality-rules/ca1416) [C:\Users\Jarrod\Desktop\VS Code Projects\Ram optimiser\src\HardwareControl\HardwareControl.csproj]
C:\Users\Jarrod\Desktop\VS Code Projects\Ram optimiser\src\HardwareControl\StartupManager.cs(65,33): warning CA1416: This call site is reachable on all platforms. 'Registry.CurrentUser' is only supported on: 'windows'. (https://learn.microsoft.com/dotnet/fundamentals/code-analysis/quality-rules/ca1416) [C:\Users\Jarrod\Desktop\VS Code Projects\Ram optimiser\src\HardwareControl\HardwareControl.csproj]
C:\Users\Jarrod\Desktop\VS Code Projects\Ram optimiser\src\HardwareControl\CoreManager.cs(125,24): warning CA1416: This call site is reachable on all platforms. 'ManagementBaseObject.this[string]' is only supported on: 'windows'. (https://learn.microsoft.com/dotnet/fundamentals/code-analysis/quality-rules/ca1416) [C:\Users\Jarrod\Desktop\VS Code Projects\Ram optimiser\src\HardwareControl\HardwareControl.csproj]
C:\Users\Jarrod\Desktop\VS Code Projects\Ram optimiser\src\HardwareControl\CoreManager.cs(123,33): warning CA1416: This call site is reachable on all platforms. 'ManagementObjectSearcher.Get()' is only supported on: 'windows'. (https://learn.microsoft.com/dotnet/fundamentals/code-analysis/quality-rules/ca1416) [C:\Users\Jarrod\Desktop\VS Code Projects\Ram optimiser\src\HardwareControl\HardwareControl.csproj]
C:\Users\Jarrod\Desktop\VS Code Projects\Ram optimiser\src\HardwareControl\CoreManager.cs(122,34): warning CA1416: This call site is reachable on all platforms. 'ManagementObjectSearcher' is only supported on: 'windows'. (https://learn.microsoft.com/dotnet/fundamentals/code-analysis/quality-rules/ca1416) [C:\Users\Jarrod\Desktop\VS Code Projects\Ram optimiser\src\HardwareControl\HardwareControl.csproj]
C:\Users\Jarrod\Desktop\VS Code Projects\Ram optimiser\src\HardwareControl\HardwareMonitor.cs(158,24): warning CA1416: This call site is reachable on all platforms. 'PerformanceCounter.NextValue()' is only supported on: 'windows'. (https://learn.microsoft.com/dotnet/fundamentals/code-analysis/quality-rules/ca1416) [C:\Users\Jarrod\Desktop\VS Code Projects\Ram optimiser\src\HardwareControl\HardwareControl.csproj]
C:\Users\Jarrod\Desktop\VS Code Projects\Ram optimiser\src\HardwareControl\HardwareMonitor.cs(180,44): warning CA1416: This call site is reachable on all platforms. 'PowerStatus.BatteryLifePercent' is only supported on: 'windows' 6.1 and later. (https://learn.microsoft.com/dotnet/fundamentals/code-analysis/quality-rules/ca1416) [C:\Users\Jarrod\Desktop\VS Code Projects\Ram optimiser\src\HardwareControl\HardwareControl.csproj]
C:\Users\Jarrod\Desktop\VS Code Projects\Ram optimiser\src\HardwareControl\HardwareMonitor.cs(178,26): warning CA1416: This call site is reachable on all platforms. 'SystemInformation.PowerStatus' is only supported on: 'windows' 6.1 and later. (https://learn.microsoft.com/dotnet/fundamentals/code-analysis/quality-rules/ca1416) [C:\Users\Jarrod\Desktop\VS Code Projects\Ram optimiser\src\HardwareControl\HardwareControl.csproj]
C:\Users\Jarrod\Desktop\VS Code Projects\Ram optimiser\src\HardwareControl\HardwareMonitor.cs(181,41): warning CA1416: This call site is reachable on all platforms. 'PowerStatus.BatteryLifeRemaining' is only supported on: 'windows' 6.1 and later. (https://learn.microsoft.com/dotnet/fundamentals/code-analysis/quality-rules/ca1416) [C:\Users\Jarrod\Desktop\VS Code Projects\Ram optimiser\src\HardwareControl\HardwareControl.csproj]
C:\Users\Jarrod\Desktop\VS Code Projects\Ram optimiser\src\HardwareControl\HardwareMonitor.cs(179,32): warning CA1416: This call site is reachable on all platforms. 'PowerStatus.PowerLineStatus' is only supported on: 'windows' 6.1 and later. (https://learn.microsoft.com/dotnet/fundamentals/code-analysis/quality-rules/ca1416) [C:\Users\Jarrod\Desktop\VS Code Projects\Ram optimiser\src\HardwareControl\HardwareControl.csproj]
C:\Users\Jarrod\Desktop\VS Code Projects\Ram optimiser\src\HardwareControl\AsusServiceManager.cs(44,25): warning CA1416: This call site is reachable on all platforms. 'ServiceController.ServiceName' is only supported on: 'windows'. (https://learn.microsoft.com/dotnet/fundamentals/code-analysis/quality-rules/ca1416) [C:\Users\Jarrod\Desktop\VS Code Projects\Ram optimiser\src\HardwareControl\HardwareControl.csproj]
C:\Users\Jarrod\Desktop\VS Code Projects\Ram optimiser\src\HardwareControl\AsusServiceManager.cs(40,32): warning CA1416: This call site is reachable on all platforms. 'ServiceController.GetServices()' is only supported on: 'windows'. (https://learn.microsoft.com/dotnet/fundamentals/code-analysis/quality-rules/ca1416) [C:\Users\Jarrod\Desktop\VS Code Projects\Ram optimiser\src\HardwareControl\HardwareControl.csproj]
C:\Users\Jarrod\Desktop\VS Code Projects\Ram optimiser\src\HardwareControl\AsusServiceManager.cs(43,35): warning CA1416: This call site is reachable on all platforms. 'ServiceController' is only supported on: 'windows'. (https://learn.microsoft.com/dotnet/fundamentals/code-analysis/quality-rules/ca1416) [C:\Users\Jarrod\Desktop\VS Code Projects\Ram optimiser\src\HardwareControl\HardwareControl.csproj]
C:\Users\Jarrod\Desktop\VS Code Projects\Ram optimiser\src\HardwareControl\AsusServiceManager.cs(45,47): warning CA1416: This call site is reachable on all platforms. 'ServiceController.Status' is only supported on: 'windows'. (https://learn.microsoft.com/dotnet/fundamentals/code-analysis/quality-rules/ca1416) [C:\Users\Jarrod\Desktop\VS Code Projects\Ram optimiser\src\HardwareControl\HardwareControl.csproj]
C:\Users\Jarrod\Desktop\VS Code Projects\Ram optimiser\src\HardwareControl\AsusServiceManager.cs(71,61): warning CA1416: This call site is reachable on all platforms. 'ServiceController.Status' is only supported on: 'windows'. (https://learn.microsoft.com/dotnet/fundamentals/code-analysis/quality-rules/ca1416) [C:\Users\Jarrod\Desktop\VS Code Projects\Ram optimiser\src\HardwareControl\HardwareControl.csproj]
C:\Users\Jarrod\Desktop\VS Code Projects\Ram optimiser\src\HardwareControl\AsusServiceManager.cs(67,25): warning CA1416: This call site is reachable on all platforms. 'ServiceController.ServiceName' is only supported on: 'windows'. (https://learn.microsoft.com/dotnet/fundamentals/code-analysis/quality-rules/ca1416) [C:\Users\Jarrod\Desktop\VS Code Projects\Ram optimiser\src\HardwareControl\HardwareControl.csproj]
C:\Users\Jarrod\Desktop\VS Code Projects\Ram optimiser\src\HardwareControl\AsusServiceManager.cs(61,32): warning CA1416: This call site is reachable on all platforms. 'ServiceController.GetServices()' is only supported on: 'windows'. (https://learn.microsoft.com/dotnet/fundamentals/code-analysis/quality-rules/ca1416) [C:\Users\Jarrod\Desktop\VS Code Projects\Ram optimiser\src\HardwareControl\HardwareControl.csproj]
C:\Users\Jarrod\Desktop\VS Code Projects\Ram optimiser\src\HardwareControl\AsusServiceManager.cs(71,60): warning CA1416: This call site is reachable on all platforms. 'ServiceControllerStatus' is only supported on: 'windows'. (https://learn.microsoft.com/dotnet/fundamentals/code-analysis/quality-rules/ca1416) [C:\Users\Jarrod\Desktop\VS Code Projects\Ram optimiser\src\HardwareControl\HardwareControl.csproj]
C:\Users\Jarrod\Desktop\VS Code Projects\Ram optimiser\src\HardwareControl\AsusServiceManager.cs(66,35): warning CA1416: This call site is reachable on all platforms. 'ServiceController' is only supported on: 'windows'. (https://learn.microsoft.com/dotnet/fundamentals/code-analysis/quality-rules/ca1416) [C:\Users\Jarrod\Desktop\VS Code Projects\Ram optimiser\src\HardwareControl\HardwareControl.csproj]
C:\Users\Jarrod\Desktop\VS Code Projects\Ram optimiser\src\HardwareControl\AsusServiceManager.cs(106,51): warning CA1416: This call site is reachable on all platforms. 'ServiceControllerStatus.Stopped' is only supported on: 'windows'. (https://learn.microsoft.com/dotnet/fundamentals/code-analysis/quality-rules/ca1416) [C:\Users\Jarrod\Desktop\VS Code Projects\Ram optimiser\src\HardwareControl\HardwareControl.csproj]
C:\Users\Jarrod\Desktop\VS Code Projects\Ram optimiser\src\HardwareControl\AsusServiceManager.cs(100,29): warning CA1416: This call site is reachable on all platforms. 'ServiceController.ServiceName' is only supported on: 'windows'. (https://learn.microsoft.com/dotnet/fundamentals/code-analysis/quality-rules/ca1416) [C:\Users\Jarrod\Desktop\VS Code Projects\Ram optimiser\src\HardwareControl\HardwareControl.csproj]
C:\Users\Jarrod\Desktop\VS Code Projects\Ram optimiser\src\HardwareControl\AsusServiceManager.cs(102,48): warning CA1416: This call site is reachable on all platforms. 'ServiceController.Status' is only supported on: 'windows'. (https://learn.microsoft.com/dotnet/fundamentals/code-analysis/quality-rules/ca1416) [C:\Users\Jarrod\Desktop\VS Code Projects\Ram optimiser\src\HardwareControl\HardwareControl.csproj]
C:\Users\Jarrod\Desktop\VS Code Projects\Ram optimiser\src\HardwareControl\AsusServiceManager.cs(106,29): warning CA1416: This call site is reachable on all platforms. 'ServiceController.WaitForStatus(ServiceControllerStatus, TimeSpan)' is only supported on: 'windows'. (https://learn.microsoft.com/dotnet/fundamentals/code-analysis/quality-rules/ca1416) [C:\Users\Jarrod\Desktop\VS Code Projects\Ram optimiser\src\HardwareControl\HardwareControl.csproj]
C:\Users\Jarrod\Desktop\VS Code Projects\Ram optimiser\src\HardwareControl\AsusServiceManager.cs(99,39): warning CA1416: This call site is reachable on all platforms. 'ServiceController' is only supported on: 'windows'. (https://learn.microsoft.com/dotnet/fundamentals/code-analysis/quality-rules/ca1416) [C:\Users\Jarrod\Desktop\VS Code Projects\Ram optimiser\src\HardwareControl\HardwareControl.csproj]
C:\Users\Jarrod\Desktop\VS Code Projects\Ram optimiser\src\HardwareControl\AsusServiceManager.cs(95,36): warning CA1416: This call site is reachable on all platforms. 'ServiceController.GetServices()' is only supported on: 'windows'. (https://learn.microsoft.com/dotnet/fundamentals/code-analysis/quality-rules/ca1416) [C:\Users\Jarrod\Desktop\VS Code Projects\Ram optimiser\src\HardwareControl\HardwareControl.csproj]
C:\Users\Jarrod\Desktop\VS Code Projects\Ram optimiser\src\HardwareControl\AsusServiceManager.cs(105,29): warning CA1416: This call site is reachable on all platforms. 'ServiceController.Stop()' is only supported on: 'windows'. (https://learn.microsoft.com/dotnet/fundamentals/code-analysis/quality-rules/ca1416) [C:\Users\Jarrod\Desktop\VS Code Projects\Ram optimiser\src\HardwareControl\HardwareControl.csproj]
C:\Users\Jarrod\Desktop\VS Code Projects\Ram optimiser\src\HardwareControl\AsusServiceManager.cs(134,39): warning CA1416: This call site is reachable on all platforms. 'ServiceController' is only supported on: 'windows'. (https://learn.microsoft.com/dotnet/fundamentals/code-analysis/quality-rules/ca1416) [C:\Users\Jarrod\Desktop\VS Code Projects\Ram optimiser\src\HardwareControl\HardwareControl.csproj]
C:\Users\Jarrod\Desktop\VS Code Projects\Ram optimiser\src\HardwareControl\AsusServiceManager.cs(130,36): warning CA1416: This call site is reachable on all platforms. 'ServiceController.GetServices()' is only supported on: 'windows'. (https://learn.microsoft.com/dotnet/fundamentals/code-analysis/quality-rules/ca1416) [C:\Users\Jarrod\Desktop\VS Code Projects\Ram optimiser\src\HardwareControl\HardwareControl.csproj]
C:\Users\Jarrod\Desktop\VS Code Projects\Ram optimiser\src\HardwareControl\AsusServiceManager.cs(141,51): warning CA1416: This call site is reachable on all platforms. 'ServiceControllerStatus.Running' is only supported on: 'windows'. (https://learn.microsoft.com/dotnet/fundamentals/code-analysis/quality-rules/ca1416) [C:\Users\Jarrod\Desktop\VS Code Projects\Ram optimiser\src\HardwareControl\HardwareControl.csproj]
C:\Users\Jarrod\Desktop\VS Code Projects\Ram optimiser\src\HardwareControl\AsusServiceManager.cs(135,29): warning CA1416: This call site is reachable on all platforms. 'ServiceController.ServiceName' is only supported on: 'windows'. (https://learn.microsoft.com/dotnet/fundamentals/code-analysis/quality-rules/ca1416) [C:\Users\Jarrod\Desktop\VS Code Projects\Ram optimiser\src\HardwareControl\HardwareControl.csproj]
C:\Users\Jarrod\Desktop\VS Code Projects\Ram optimiser\src\HardwareControl\AsusServiceManager.cs(141,29): warning CA1416: This call site is reachable on all platforms. 'ServiceController.WaitForStatus(ServiceControllerStatus, TimeSpan)' is only supported on: 'windows'. (https://learn.microsoft.com/dotnet/fundamentals/code-analysis/quality-rules/ca1416) [C:\Users\Jarrod\Desktop\VS Code Projects\Ram optimiser\src\HardwareControl\HardwareControl.csproj]
C:\Users\Jarrod\Desktop\VS Code Projects\Ram optimiser\src\HardwareControl\AsusServiceManager.cs(137,48): warning CA1416: This call site is reachable on all platforms. 'ServiceController.Status' is only supported on: 'windows'. (https://learn.microsoft.com/dotnet/fundamentals/code-analysis/quality-rules/ca1416) [C:\Users\Jarrod\Desktop\VS Code Projects\Ram optimiser\src\HardwareControl\HardwareControl.csproj]
C:\Users\Jarrod\Desktop\VS Code Projects\Ram optimiser\src\HardwareControl\AsusServiceManager.cs(140,29): warning CA1416: This call site is reachable on all platforms. 'ServiceController.Start()' is only supported on: 'windows'. (https://learn.microsoft.com/dotnet/fundamentals/code-analysis/quality-rules/ca1416) [C:\Users\Jarrod\Desktop\VS Code Projects\Ram optimiser\src\HardwareControl\HardwareControl.csproj]
C:\Users\Jarrod\Desktop\VS Code Projects\Ram optimiser\src\HardwareControl\AsusServiceManager.cs(173,25): warning CA1416: This call site is reachable on all platforms. 'ServiceController.Stop()' is only supported on: 'windows'. (https://learn.microsoft.com/dotnet/fundamentals/code-analysis/quality-rules/ca1416) [C:\Users\Jarrod\Desktop\VS Code Projects\Ram optimiser\src\HardwareControl\HardwareControl.csproj]
C:\Users\Jarrod\Desktop\VS Code Projects\Ram optimiser\src\HardwareControl\AsusServiceManager.cs(174,25): warning CA1416: This call site is reachable on all platforms. 'ServiceController.WaitForStatus(ServiceControllerStatus, TimeSpan)' is only supported on: 'windows'. (https://learn.microsoft.com/dotnet/fundamentals/code-analysis/quality-rules/ca1416) [C:\Users\Jarrod\Desktop\VS Code Projects\Ram optimiser\src\HardwareControl\HardwareControl.csproj]
C:\Users\Jarrod\Desktop\VS Code Projects\Ram optimiser\src\HardwareControl\AsusServiceManager.cs(174,47): warning CA1416: This call site is reachable on all platforms. 'ServiceControllerStatus.Stopped' is only supported on: 'windows'. (https://learn.microsoft.com/dotnet/fundamentals/code-analysis/quality-rules/ca1416) [C:\Users\Jarrod\Desktop\VS Code Projects\Ram optimiser\src\HardwareControl\HardwareControl.csproj]
C:\Users\Jarrod\Desktop\VS Code Projects\Ram optimiser\src\HardwareControl\AsusServiceManager.cs(171,44): warning CA1416: This call site is reachable on all platforms. 'ServiceController.Status' is only supported on: 'windows'. (https://learn.microsoft.com/dotnet/fundamentals/code-analysis/quality-rules/ca1416) [C:\Users\Jarrod\Desktop\VS Code Projects\Ram optimiser\src\HardwareControl\HardwareControl.csproj]
C:\Users\Jarrod\Desktop\VS Code Projects\Ram optimiser\src\HardwareControl\AsusServiceManager.cs(168,35): warning CA1416: This call site is reachable on all platforms. 'ServiceController' is only supported on: 'windows'. (https://learn.microsoft.com/dotnet/fundamentals/code-analysis/quality-rules/ca1416) [C:\Users\Jarrod\Desktop\VS Code Projects\Ram optimiser\src\HardwareControl\HardwareControl.csproj]
C:\Users\Jarrod\Desktop\VS Code Projects\Ram optimiser\src\HardwareControl\AsusServiceManager.cs(169,25): warning CA1416: This call site is reachable on all platforms. 'ServiceController.ServiceName' is only supported on: 'windows'. (https://learn.microsoft.com/dotnet/fundamentals/code-analysis/quality-rules/ca1416) [C:\Users\Jarrod\Desktop\VS Code Projects\Ram optimiser\src\HardwareControl\HardwareControl.csproj]
C:\Users\Jarrod\Desktop\VS Code Projects\Ram optimiser\src\HardwareControl\AsusServiceManager.cs(164,32): warning CA1416: This call site is reachable on all platforms. 'ServiceController.GetServices()' is only supported on: 'windows'. (https://learn.microsoft.com/dotnet/fundamentals/code-analysis/quality-rules/ca1416) [C:\Users\Jarrod\Desktop\VS Code Projects\Ram optimiser\src\HardwareControl\HardwareControl.csproj]
C:\Users\Jarrod\Desktop\VS Code Projects\Ram optimiser\src\HardwareControl\AsusServiceManager.cs(225,39): warning CA1416: This call site is reachable on all platforms. 'WindowsBuiltInRole.Administrator' is only supported on: 'windows'. (https://learn.microsoft.com/dotnet/fundamentals/code-analysis/quality-rules/ca1416) [C:\Users\Jarrod\Desktop\VS Code Projects\Ram optimiser\src\HardwareControl\HardwareControl.csproj]
C:\Users\Jarrod\Desktop\VS Code Projects\Ram optimiser\src\HardwareControl\AsusServiceManager.cs(223,28): warning CA1416: This call site is reachable on all platforms. 'WindowsIdentity.GetCurrent()' is only supported on: 'windows'. (https://learn.microsoft.com/dotnet/fundamentals/code-analysis/quality-rules/ca1416) [C:\Users\Jarrod\Desktop\VS Code Projects\Ram optimiser\src\HardwareControl\HardwareControl.csproj]
C:\Users\Jarrod\Desktop\VS Code Projects\Ram optimiser\src\HardwareControl\AsusServiceManager.cs(225,20): warning CA1416: This call site is reachable on all platforms. 'WindowsPrincipal.IsInRole(WindowsBuiltInRole)' is only supported on: 'windows'. (https://learn.microsoft.com/dotnet/fundamentals/code-analysis/quality-rules/ca1416) [C:\Users\Jarrod\Desktop\VS Code Projects\Ram optimiser\src\HardwareControl\HardwareControl.csproj]
C:\Users\Jarrod\Desktop\VS Code Projects\Ram optimiser\src\HardwareControl\AsusServiceManager.cs(224,29): warning CA1416: This call site is reachable on all platforms. 'WindowsPrincipal' is only supported on: 'windows'. (https://learn.microsoft.com/dotnet/fundamentals/code-analysis/quality-rules/ca1416) [C:\Users\Jarrod\Desktop\VS Code Projects\Ram optimiser\src\HardwareControl\HardwareControl.csproj]

Build FAILED.

C:\Users\Jarrod\Desktop\VS Code Projects\Ram optimiser\src\HardwareControl\Monitoring\AcpiMonitoringService.cs(25,27): warning CS8618: Non-nullable property 'ProcessName' must contain a non-null value when exiting constructor. Consider adding the 'required' modifier or declaring the property as nullable. [C:\Users\Jarrod\Desktop\VS Code Projects\Ram optimiser\src\HardwareControl\HardwareControl.csproj]
C:\Users\Jarrod\Desktop\VS Code Projects\Ram optimiser\src\HardwareControl\Monitoring\AcpiMonitoringService.cs(30,27): warning CS8618: Non-nullable property 'Description' must contain a non-null value when exiting constructor. Consider adding the 'required' modifier or declaring the property as nullable. [C:\Users\Jarrod\Desktop\VS Code Projects\Ram optimiser\src\HardwareControl\HardwareControl.csproj]
C:\Users\Jarrod\Desktop\VS Code Projects\Ram optimiser\src\HardwareControl\StartupManager.cs(32,28): warning CA1416: This call site is reachable on all platforms. 'RegistryKey.GetValue(string?)' is only supported on: 'windows'. (https://learn.microsoft.com/dotnet/fundamentals/code-analysis/quality-rules/ca1416) [C:\Users\Jarrod\Desktop\VS Code Projects\Ram optimiser\src\HardwareControl\HardwareControl.csproj]
C:\Users\Jarrod\Desktop\VS Code Projects\Ram optimiser\src\HardwareControl\StartupManager.cs(31,33): warning CA1416: This call site is reachable on all platforms. 'Registry.CurrentUser' is only supported on: 'windows'. (https://learn.microsoft.com/dotnet/fundamentals/code-analysis/quality-rules/ca1416) [C:\Users\Jarrod\Desktop\VS Code Projects\Ram optimiser\src\HardwareControl\HardwareControl.csproj]
C:\Users\Jarrod\Desktop\VS Code Projects\Ram optimiser\src\HardwareControl\StartupManager.cs(31,33): warning CA1416: This call site is reachable on all platforms. 'RegistryKey.OpenSubKey(string, bool)' is only supported on: 'windows'. (https://learn.microsoft.com/dotnet/fundamentals/code-analysis/quality-rules/ca1416) [C:\Users\Jarrod\Desktop\VS Code Projects\Ram optimiser\src\HardwareControl\HardwareControl.csproj]
C:\Users\Jarrod\Desktop\VS Code Projects\Ram optimiser\src\HardwareControl\StartupManager.cs(82,21): warning CA1416: This call site is reachable on all platforms. 'RegistryKey.DeleteValue(string, bool)' is only supported on: 'windows'. (https://learn.microsoft.com/dotnet/fundamentals/code-analysis/quality-rules/ca1416) [C:\Users\Jarrod\Desktop\VS Code Projects\Ram optimiser\src\HardwareControl\HardwareControl.csproj]
C:\Users\Jarrod\Desktop\VS Code Projects\Ram optimiser\src\HardwareControl\StartupManager.cs(81,33): warning CA1416: This call site is reachable on all platforms. 'RegistryKey.OpenSubKey(string, bool)' is only supported on: 'windows'. (https://learn.microsoft.com/dotnet/fundamentals/code-analysis/quality-rules/ca1416) [C:\Users\Jarrod\Desktop\VS Code Projects\Ram optimiser\src\HardwareControl\HardwareControl.csproj]
C:\Users\Jarrod\Desktop\VS Code Projects\Ram optimiser\src\HardwareControl\StartupManager.cs(81,33): warning CA1416: This call site is reachable on all platforms. 'Registry.CurrentUser' is only supported on: 'windows'. (https://learn.microsoft.com/dotnet/fundamentals/code-analysis/quality-rules/ca1416) [C:\Users\Jarrod\Desktop\VS Code Projects\Ram optimiser\src\HardwareControl\HardwareControl.csproj]
C:\Users\Jarrod\Desktop\VS Code Projects\Ram optimiser\src\HardwareControl\HardwareMonitor.cs(25,32): warning CA1416: This call site is reachable on all platforms. 'PerformanceCounter' is only supported on: 'windows'. (https://learn.microsoft.com/dotnet/fundamentals/code-analysis/quality-rules/ca1416) [C:\Users\Jarrod\Desktop\VS Code Projects\Ram optimiser\src\HardwareControl\HardwareControl.csproj]
C:\Users\Jarrod\Desktop\VS Code Projects\Ram optimiser\src\HardwareControl\StartupManager.cs(65,33): warning CA1416: This call site is reachable on all platforms. 'RegistryKey.OpenSubKey(string, bool)' is only supported on: 'windows'. (https://learn.microsoft.com/dotnet/fundamentals/code-analysis/quality-rules/ca1416) [C:\Users\Jarrod\Desktop\VS Code Projects\Ram optimiser\src\HardwareControl\HardwareControl.csproj]
C:\Users\Jarrod\Desktop\VS Code Projects\Ram optimiser\src\HardwareControl\StartupManager.cs(66,21): warning CA1416: This call site is reachable on all platforms. 'RegistryKey.SetValue(string?, object)' is only supported on: 'windows'. (https://learn.microsoft.com/dotnet/fundamentals/code-analysis/quality-rules/ca1416) [C:\Users\Jarrod\Desktop\VS Code Projects\Ram optimiser\src\HardwareControl\HardwareControl.csproj]
C:\Users\Jarrod\Desktop\VS Code Projects\Ram optimiser\src\HardwareControl\StartupManager.cs(65,33): warning CA1416: This call site is reachable on all platforms. 'Registry.CurrentUser' is only supported on: 'windows'. (https://learn.microsoft.com/dotnet/fundamentals/code-analysis/quality-rules/ca1416) [C:\Users\Jarrod\Desktop\VS Code Projects\Ram optimiser\src\HardwareControl\HardwareControl.csproj]
C:\Users\Jarrod\Desktop\VS Code Projects\Ram optimiser\src\HardwareControl\CoreManager.cs(125,24): warning CA1416: This call site is reachable on all platforms. 'ManagementBaseObject.this[string]' is only supported on: 'windows'. (https://learn.microsoft.com/dotnet/fundamentals/code-analysis/quality-rules/ca1416) [C:\Users\Jarrod\Desktop\VS Code Projects\Ram optimiser\src\HardwareControl\HardwareControl.csproj]
C:\Users\Jarrod\Desktop\VS Code Projects\Ram optimiser\src\HardwareControl\CoreManager.cs(123,33): warning CA1416: This call site is reachable on all platforms. 'ManagementObjectSearcher.Get()' is only supported on: 'windows'. (https://learn.microsoft.com/dotnet/fundamentals/code-analysis/quality-rules/ca1416) [C:\Users\Jarrod\Desktop\VS Code Projects\Ram optimiser\src\HardwareControl\HardwareControl.csproj]
C:\Users\Jarrod\Desktop\VS Code Projects\Ram optimiser\src\HardwareControl\CoreManager.cs(122,34): warning CA1416: This call site is reachable on all platforms. 'ManagementObjectSearcher' is only supported on: 'windows'. (https://learn.microsoft.com/dotnet/fundamentals/code-analysis/quality-rules/ca1416) [C:\Users\Jarrod\Desktop\VS Code Projects\Ram optimiser\src\HardwareControl\HardwareControl.csproj]
C:\Users\Jarrod\Desktop\VS Code Projects\Ram optimiser\src\HardwareControl\HardwareMonitor.cs(158,24): warning CA1416: This call site is reachable on all platforms. 'PerformanceCounter.NextValue()' is only supported on: 'windows'. (https://learn.microsoft.com/dotnet/fundamentals/code-analysis/quality-rules/ca1416) [C:\Users\Jarrod\Desktop\VS Code Projects\Ram optimiser\src\HardwareControl\HardwareControl.csproj]
C:\Users\Jarrod\Desktop\VS Code Projects\Ram optimiser\src\HardwareControl\HardwareMonitor.cs(180,44): warning CA1416: This call site is reachable on all platforms. 'PowerStatus.BatteryLifePercent' is only supported on: 'windows' 6.1 and later. (https://learn.microsoft.com/dotnet/fundamentals/code-analysis/quality-rules/ca1416) [C:\Users\Jarrod\Desktop\VS Code Projects\Ram optimiser\src\HardwareControl\HardwareControl.csproj]
C:\Users\Jarrod\Desktop\VS Code Projects\Ram optimiser\src\HardwareControl\HardwareMonitor.cs(178,26): warning CA1416: This call site is reachable on all platforms. 'SystemInformation.PowerStatus' is only supported on: 'windows' 6.1 and later. (https://learn.microsoft.com/dotnet/fundamentals/code-analysis/quality-rules/ca1416) [C:\Users\Jarrod\Desktop\VS Code Projects\Ram optimiser\src\HardwareControl\HardwareControl.csproj]
C:\Users\Jarrod\Desktop\VS Code Projects\Ram optimiser\src\HardwareControl\HardwareMonitor.cs(181,41): warning CA1416: This call site is reachable on all platforms. 'PowerStatus.BatteryLifeRemaining' is only supported on: 'windows' 6.1 and later. (https://learn.microsoft.com/dotnet/fundamentals/code-analysis/quality-rules/ca1416) [C:\Users\Jarrod\Desktop\VS Code Projects\Ram optimiser\src\HardwareControl\HardwareControl.csproj]
C:\Users\Jarrod\Desktop\VS Code Projects\Ram optimiser\src\HardwareControl\HardwareMonitor.cs(179,32): warning CA1416: This call site is reachable on all platforms. 'PowerStatus.PowerLineStatus' is only supported on: 'windows' 6.1 and later. (https://learn.microsoft.com/dotnet/fundamentals/code-analysis/quality-rules/ca1416) [C:\Users\Jarrod\Desktop\VS Code Projects\Ram optimiser\src\HardwareControl\HardwareControl.csproj]
C:\Users\Jarrod\Desktop\VS Code Projects\Ram optimiser\src\HardwareControl\AsusServiceManager.cs(44,25): warning CA1416: This call site is reachable on all platforms. 'ServiceController.ServiceName' is only supported on: 'windows'. (https://learn.microsoft.com/dotnet/fundamentals/code-analysis/quality-rules/ca1416) [C:\Users\Jarrod\Desktop\VS Code Projects\Ram optimiser\src\HardwareControl\HardwareControl.csproj]
C:\Users\Jarrod\Desktop\VS Code Projects\Ram optimiser\src\HardwareControl\AsusServiceManager.cs(40,32): warning CA1416: This call site is reachable on all platforms. 'ServiceController.GetServices()' is only supported on: 'windows'. (https://learn.microsoft.com/dotnet/fundamentals/code-analysis/quality-rules/ca1416) [C:\Users\Jarrod\Desktop\VS Code Projects\Ram optimiser\src\HardwareControl\HardwareControl.csproj]
C:\Users\Jarrod\Desktop\VS Code Projects\Ram optimiser\src\HardwareControl\AsusServiceManager.cs(43,35): warning CA1416: This call site is reachable on all platforms. 'ServiceController' is only supported on: 'windows'. (https://learn.microsoft.com/dotnet/fundamentals/code-analysis/quality-rules/ca1416) [C:\Users\Jarrod\Desktop\VS Code Projects\Ram optimiser\src\HardwareControl\HardwareControl.csproj]
C:\Users\Jarrod\Desktop\VS Code Projects\Ram optimiser\src\HardwareControl\AsusServiceManager.cs(45,47): warning CA1416: This call site is reachable on all platforms. 'ServiceController.Status' is only supported on: 'windows'. (https://learn.microsoft.com/dotnet/fundamentals/code-analysis/quality-rules/ca1416) [C:\Users\Jarrod\Desktop\VS Code Projects\Ram optimiser\src\HardwareControl\HardwareControl.csproj]
C:\Users\Jarrod\Desktop\VS Code Projects\Ram optimiser\src\HardwareControl\AsusServiceManager.cs(71,61): warning CA1416: This call site is reachable on all platforms. 'ServiceController.Status' is only supported on: 'windows'. (https://learn.microsoft.com/dotnet/fundamentals/code-analysis/quality-rules/ca1416) [C:\Users\Jarrod\Desktop\VS Code Projects\Ram optimiser\src\HardwareControl\HardwareControl.csproj]
C:\Users\Jarrod\Desktop\VS Code Projects\Ram optimiser\src\HardwareControl\AsusServiceManager.cs(67,25): warning CA1416: This call site is reachable on all platforms. 'ServiceController.ServiceName' is only supported on: 'windows'. (https://learn.microsoft.com/dotnet/fundamentals/code-analysis/quality-rules/ca1416) [C:\Users\Jarrod\Desktop\VS Code Projects\Ram optimiser\src\HardwareControl\HardwareControl.csproj]
C:\Users\Jarrod\Desktop\VS Code Projects\Ram optimiser\src\HardwareControl\AsusServiceManager.cs(61,32): warning CA1416: This call site is reachable on all platforms. 'ServiceController.GetServices()' is only supported on: 'windows'. (https://learn.microsoft.com/dotnet/fundamentals/code-analysis/quality-rules/ca1416) [C:\Users\Jarrod\Desktop\VS Code Projects\Ram optimiser\src\HardwareControl\HardwareControl.csproj]
C:\Users\Jarrod\Desktop\VS Code Projects\Ram optimiser\src\HardwareControl\AsusServiceManager.cs(71,60): warning CA1416: This call site is reachable on all platforms. 'ServiceControllerStatus' is only supported on: 'windows'. (https://learn.microsoft.com/dotnet/fundamentals/code-analysis/quality-rules/ca1416) [C:\Users\Jarrod\Desktop\VS Code Projects\Ram optimiser\src\HardwareControl\HardwareControl.csproj]
C:\Users\Jarrod\Desktop\VS Code Projects\Ram optimiser\src\HardwareControl\AsusServiceManager.cs(66,35): warning CA1416: This call site is reachable on all platforms. 'ServiceController' is only supported on: 'windows'. (https://learn.microsoft.com/dotnet/fundamentals/code-analysis/quality-rules/ca1416) [C:\Users\Jarrod\Desktop\VS Code Projects\Ram optimiser\src\HardwareControl\HardwareControl.csproj]
C:\Users\Jarrod\Desktop\VS Code Projects\Ram optimiser\src\HardwareControl\AsusServiceManager.cs(106,51): warning CA1416: This call site is reachable on all platforms. 'ServiceControllerStatus.Stopped' is only supported on: 'windows'. (https://learn.microsoft.com/dotnet/fundamentals/code-analysis/quality-rules/ca1416) [C:\Users\Jarrod\Desktop\VS Code Projects\Ram optimiser\src\HardwareControl\HardwareControl.csproj]
C:\Users\Jarrod\Desktop\VS Code Projects\Ram optimiser\src\HardwareControl\AsusServiceManager.cs(100,29): warning CA1416: This call site is reachable on all platforms. 'ServiceController.ServiceName' is only supported on: 'windows'. (https://learn.microsoft.com/dotnet/fundamentals/code-analysis/quality-rules/ca1416) [C:\Users\Jarrod\Desktop\VS Code Projects\Ram optimiser\src\HardwareControl\HardwareControl.csproj]
C:\Users\Jarrod\Desktop\VS Code Projects\Ram optimiser\src\HardwareControl\AsusServiceManager.cs(102,48): warning CA1416: This call site is reachable on all platforms. 'ServiceController.Status' is only supported on: 'windows'. (https://learn.microsoft.com/dotnet/fundamentals/code-analysis/quality-rules/ca1416) [C:\Users\Jarrod\Desktop\VS Code Projects\Ram optimiser\src\HardwareControl\HardwareControl.csproj]
C:\Users\Jarrod\Desktop\VS Code Projects\Ram optimiser\src\HardwareControl\AsusServiceManager.cs(106,29): warning CA1416: This call site is reachable on all platforms. 'ServiceController.WaitForStatus(ServiceControllerStatus, TimeSpan)' is only supported on: 'windows'. (https://learn.microsoft.com/dotnet/fundamentals/code-analysis/quality-rules/ca1416) [C:\Users\Jarrod\Desktop\VS Code Projects\Ram optimiser\src\HardwareControl\HardwareControl.csproj]
C:\Users\Jarrod\Desktop\VS Code Projects\Ram optimiser\src\HardwareControl\AsusServiceManager.cs(99,39): warning CA1416: This call site is reachable on all platforms. 'ServiceController' is only supported on: 'windows'. (https://learn.microsoft.com/dotnet/fundamentals/code-analysis/quality-rules/ca1416) [C:\Users\Jarrod\Desktop\VS Code Projects\Ram optimiser\src\HardwareControl\HardwareControl.csproj]
C:\Users\Jarrod\Desktop\VS Code Projects\Ram optimiser\src\HardwareControl\AsusServiceManager.cs(95,36): warning CA1416: This call site is reachable on all platforms. 'ServiceController.GetServices()' is only supported on: 'windows'. (https://learn.microsoft.com/dotnet/fundamentals/code-analysis/quality-rules/ca1416) [C:\Users\Jarrod\Desktop\VS Code Projects\Ram optimiser\src\HardwareControl\HardwareControl.csproj]
C:\Users\Jarrod\Desktop\VS Code Projects\Ram optimiser\src\HardwareControl\AsusServiceManager.cs(105,29): warning CA1416: This call site is reachable on all platforms. 'ServiceController.Stop()' is only supported on: 'windows'. (https://learn.microsoft.com/dotnet/fundamentals/code-analysis/quality-rules/ca1416) [C:\Users\Jarrod\Desktop\VS Code Projects\Ram optimiser\src\HardwareControl\HardwareControl.csproj]
C:\Users\Jarrod\Desktop\VS Code Projects\Ram optimiser\src\HardwareControl\AsusServiceManager.cs(134,39): warning CA1416: This call site is reachable on all platforms. 'ServiceController' is only supported on: 'windows'. (https://learn.microsoft.com/dotnet/fundamentals/code-analysis/quality-rules/ca1416) [C:\Users\Jarrod\Desktop\VS Code Projects\Ram optimiser\src\HardwareControl\HardwareControl.csproj]
C:\Users\Jarrod\Desktop\VS Code Projects\Ram optimiser\src\HardwareControl\AsusServiceManager.cs(130,36): warning CA1416: This call site is reachable on all platforms. 'ServiceController.GetServices()' is only supported on: 'windows'. (https://learn.microsoft.com/dotnet/fundamentals/code-analysis/quality-rules/ca1416) [C:\Users\Jarrod\Desktop\VS Code Projects\Ram optimiser\src\HardwareControl\HardwareControl.csproj]
C:\Users\Jarrod\Desktop\VS Code Projects\Ram optimiser\src\HardwareControl\AsusServiceManager.cs(141,51): warning CA1416: This call site is reachable on all platforms. 'ServiceControllerStatus.Running' is only supported on: 'windows'. (https://learn.microsoft.com/dotnet/fundamentals/code-analysis/quality-rules/ca1416) [C:\Users\Jarrod\Desktop\VS Code Projects\Ram optimiser\src\HardwareControl\HardwareControl.csproj]
C:\Users\Jarrod\Desktop\VS Code Projects\Ram optimiser\src\HardwareControl\AsusServiceManager.cs(135,29): warning CA1416: This call site is reachable on all platforms. 'ServiceController.ServiceName' is only supported on: 'windows'. (https://learn.microsoft.com/dotnet/fundamentals/code-analysis/quality-rules/ca1416) [C:\Users\Jarrod\Desktop\VS Code Projects\Ram optimiser\src\HardwareControl\HardwareControl.csproj]
C:\Users\Jarrod\Desktop\VS Code Projects\Ram optimiser\src\HardwareControl\AsusServiceManager.cs(141,29): warning CA1416: This call site is reachable on all platforms. 'ServiceController.WaitForStatus(ServiceControllerStatus, TimeSpan)' is only supported on: 'windows'. (https://learn.microsoft.com/dotnet/fundamentals/code-analysis/quality-rules/ca1416) [C:\Users\Jarrod\Desktop\VS Code Projects\Ram optimiser\src\HardwareControl\HardwareControl.csproj]
C:\Users\Jarrod\Desktop\VS Code Projects\Ram optimiser\src\HardwareControl\AsusServiceManager.cs(137,48): warning CA1416: This call site is reachable on all platforms. 'ServiceController.Status' is only supported on: 'windows'. (https://learn.microsoft.com/dotnet/fundamentals/code-analysis/quality-rules/ca1416) [C:\Users\Jarrod\Desktop\VS Code Projects\Ram optimiser\src\HardwareControl\HardwareControl.csproj]
C:\Users\Jarrod\Desktop\VS Code Projects\Ram optimiser\src\HardwareControl\AsusServiceManager.cs(140,29): warning CA1416: This call site is reachable on all platforms. 'ServiceController.Start()' is only supported on: 'windows'. (https://learn.microsoft.com/dotnet/fundamentals/code-analysis/quality-rules/ca1416) [C:\Users\Jarrod\Desktop\VS Code Projects\Ram optimiser\src\HardwareControl\HardwareControl.csproj]
C:\Users\Jarrod\Desktop\VS Code Projects\Ram optimiser\src\HardwareControl\AsusServiceManager.cs(173,25): warning CA1416: This call site is reachable on all platforms. 'ServiceController.Stop()' is only supported on: 'windows'. (https://learn.microsoft.com/dotnet/fundamentals/code-analysis/quality-rules/ca1416) [C:\Users\Jarrod\Desktop\VS Code Projects\Ram optimiser\src\HardwareControl\HardwareControl.csproj]
C:\Users\Jarrod\Desktop\VS Code Projects\Ram optimiser\src\HardwareControl\AsusServiceManager.cs(174,25): warning CA1416: This call site is reachable on all platforms. 'ServiceController.WaitForStatus(ServiceControllerStatus, TimeSpan)' is only supported on: 'windows'. (https://learn.microsoft.com/dotnet/fundamentals/code-analysis/quality-rules/ca1416) [C:\Users\Jarrod\Desktop\VS Code Projects\Ram optimiser\src\HardwareControl\HardwareControl.csproj]
C:\Users\Jarrod\Desktop\VS Code Projects\Ram optimiser\src\HardwareControl\AsusServiceManager.cs(174,47): warning CA1416: This call site is reachable on all platforms. 'ServiceControllerStatus.Stopped' is only supported on: 'windows'. (https://learn.microsoft.com/dotnet/fundamentals/code-analysis/quality-rules/ca1416) [C:\Users\Jarrod\Desktop\VS Code Projects\Ram optimiser\src\HardwareControl\HardwareControl.csproj]
C:\Users\Jarrod\Desktop\VS Code Projects\Ram optimiser\src\HardwareControl\AsusServiceManager.cs(171,44): warning CA1416: This call site is reachable on all platforms. 'ServiceController.Status' is only supported on: 'windows'. (https://learn.microsoft.com/dotnet/fundamentals/code-analysis/quality-rules/ca1416) [C:\Users\Jarrod\Desktop\VS Code Projects\Ram optimiser\src\HardwareControl\HardwareControl.csproj]
C:\Users\Jarrod\Desktop\VS Code Projects\Ram optimiser\src\HardwareControl\AsusServiceManager.cs(168,35): warning CA1416: This call site is reachable on all platforms. 'ServiceController' is only supported on: 'windows'. (https://learn.microsoft.com/dotnet/fundamentals/code-analysis/quality-rules/ca1416) [C:\Users\Jarrod\Desktop\VS Code Projects\Ram optimiser\src\HardwareControl\HardwareControl.csproj]
C:\Users\Jarrod\Desktop\VS Code Projects\Ram optimiser\src\HardwareControl\AsusServiceManager.cs(169,25): warning CA1416: This call site is reachable on all platforms. 'ServiceController.ServiceName' is only supported on: 'windows'. (https://learn.microsoft.com/dotnet/fundamentals/code-analysis/quality-rules/ca1416) [C:\Users\Jarrod\Desktop\VS Code Projects\Ram optimiser\src\HardwareControl\HardwareControl.csproj]
C:\Users\Jarrod\Desktop\VS Code Projects\Ram optimiser\src\HardwareControl\AsusServiceManager.cs(164,32): warning CA1416: This call site is reachable on all platforms. 'ServiceController.GetServices()' is only supported on: 'windows'. (https://learn.microsoft.com/dotnet/fundamentals/code-analysis/quality-rules/ca1416) [C:\Users\Jarrod\Desktop\VS Code Projects\Ram optimiser\src\HardwareControl\HardwareControl.csproj]
C:\Users\Jarrod\Desktop\VS Code Projects\Ram optimiser\src\HardwareControl\AsusServiceManager.cs(225,39): warning CA1416: This call site is reachable on all platforms. 'WindowsBuiltInRole.Administrator' is only supported on: 'windows'. (https://learn.microsoft.com/dotnet/fundamentals/code-analysis/quality-rules/ca1416) [C:\Users\Jarrod\Desktop\VS Code Projects\Ram optimiser\src\HardwareControl\HardwareControl.csproj]
C:\Users\Jarrod\Desktop\VS Code Projects\Ram optimiser\src\HardwareControl\AsusServiceManager.cs(223,28): warning CA1416: This call site is reachable on all platforms. 'WindowsIdentity.GetCurrent()' is only supported on: 'windows'. (https://learn.microsoft.com/dotnet/fundamentals/code-analysis/quality-rules/ca1416) [C:\Users\Jarrod\Desktop\VS Code Projects\Ram optimiser\src\HardwareControl\HardwareControl.csproj]
C:\Users\Jarrod\Desktop\VS Code Projects\Ram optimiser\src\HardwareControl\AsusServiceManager.cs(225,20): warning CA1416: This call site is reachable on all platforms. 'WindowsPrincipal.IsInRole(WindowsBuiltInRole)' is only supported on: 'windows'. (https://learn.microsoft.com/dotnet/fundamentals/code-analysis/quality-rules/ca1416) [C:\Users\Jarrod\Desktop\VS Code Projects\Ram optimiser\src\HardwareControl\HardwareControl.csproj]
C:\Users\Jarrod\Desktop\VS Code Projects\Ram optimiser\src\HardwareControl\AsusServiceManager.cs(224,29): warning CA1416: This call site is reachable on all platforms. 'WindowsPrincipal' is only supported on: 'windows'. (https://learn.microsoft.com/dotnet/fundamentals/code-analysis/quality-rules/ca1416) [C:\Users\Jarrod\Desktop\VS Code Projects\Ram optimiser\src\HardwareControl\HardwareControl.csproj]
C:\Users\Jarrod\Desktop\VS Code Projects\Ram optimiser\src\HardwareControl\HardwareSnapshot.cs(92,20): error CS1061: 'ILogger' does not contain a definition for 'LogInformation' and no accessible extension method 'LogInformation' accepting a first argument of type 'ILogger' could be found (are you missing a using directive or an assembly reference?) [C:\Users\Jarrod\Desktop\VS Code Projects\Ram optimiser\src\HardwareControl\HardwareControl.csproj]
C:\Users\Jarrod\Desktop\VS Code Projects\Ram optimiser\src\HardwareControl\HardwareSnapshot.cs(100,24): error CS1061: 'ILogger' does not contain a definition for 'LogInformation' and no accessible extension method 'LogInformation' accepting a first argument of type 'ILogger' could be found (are you missing a using directive or an assembly reference?) [C:\Users\Jarrod\Desktop\VS Code Projects\Ram optimiser\src\HardwareControl\HardwareControl.csproj]
C:\Users\Jarrod\Desktop\VS Code Projects\Ram optimiser\src\HardwareControl\HardwareSnapshot.cs(108,24): error CS1061: 'ILogger' does not contain a definition for 'LogInformation' and no accessible extension method 'LogInformation' accepting a first argument of type 'ILogger' could be found (are you missing a using directive or an assembly reference?) [C:\Users\Jarrod\Desktop\VS Code Projects\Ram optimiser\src\HardwareControl\HardwareControl.csproj]
C:\Users\Jarrod\Desktop\VS Code Projects\Ram optimiser\src\HardwareControl\HardwareSnapshot.cs(115,24): error CS1061: 'ILogger' does not contain a definition for 'LogInformation' and no accessible extension method 'LogInformation' accepting a first argument of type 'ILogger' could be found (are you missing a using directive or an assembly reference?) [C:\Users\Jarrod\Desktop\VS Code Projects\Ram optimiser\src\HardwareControl\HardwareControl.csproj]
C:\Users\Jarrod\Desktop\VS Code Projects\Ram optimiser\src\HardwareControl\HardwareSnapshot.cs(125,20): error CS1061: 'ILogger' does not contain a definition for 'LogError' and no accessible extension method 'LogError' accepting a first argument of type 'ILogger' could be found (are you missing a using directive or an assembly reference?) [C:\Users\Jarrod\Desktop\VS Code Projects\Ram optimiser\src\HardwareControl\HardwareControl.csproj]
C:\Users\Jarrod\Desktop\VS Code Projects\Ram optimiser\src\HardwareControl\SafeAcpiInterface.cs(31,58): error CS1503: Argument 1: cannot convert from 'RamOptimizer.HardwareControl.AsusAcpiInterface' to 'RamOptimizer.Core.Interfaces.IHardwareController' [C:\Users\Jarrod\Desktop\VS Code Projects\Ram optimiser\src\HardwareControl\HardwareControl.csproj]
C:\Users\Jarrod\Desktop\VS Code Projects\Ram optimiser\src\HardwareControl\SafeAcpiInterface.cs(60,45): error CS1503: Argument 1: cannot convert from 'RamOptimizer.HardwareControl.AsusAcpiInterface' to 'RamOptimizer.Core.Interfaces.IHardwareController' [C:\Users\Jarrod\Desktop\VS Code Projects\Ram optimiser\src\HardwareControl\HardwareControl.csproj]
C:\Users\Jarrod\Desktop\VS Code Projects\Ram optimiser\src\HardwareControl\SafeAcpiInterface.cs(131,45): error CS1503: Argument 1: cannot convert from 'RamOptimizer.HardwareControl.AsusAcpiInterface' to 'RamOptimizer.Core.Interfaces.IHardwareController' [C:\Users\Jarrod\Desktop\VS Code Projects\Ram optimiser\src\HardwareControl\HardwareControl.csproj]
C:\Users\Jarrod\Desktop\VS Code Projects\Ram optimiser\src\HardwareControl\SafeAcpiInterface.cs(195,45): error CS1503: Argument 1: cannot convert from 'RamOptimizer.HardwareControl.AsusAcpiInterface' to 'RamOptimizer.Core.Interfaces.IHardwareController' [C:\Users\Jarrod\Desktop\VS Code Projects\Ram optimiser\src\HardwareControl\HardwareControl.csproj]
C:\Users\Jarrod\Desktop\VS Code Projects\Ram optimiser\src\HardwareControl\SafeAcpiInterface.cs(216,41): error CS1503: Argument 1: cannot convert from 'RamOptimizer.HardwareControl.AsusAcpiInterface' to 'RamOptimizer.Core.Interfaces.IHardwareController' [C:\Users\Jarrod\Desktop\VS Code Projects\Ram optimiser\src\HardwareControl\HardwareControl.csproj]
C:\Users\Jarrod\Desktop\VS Code Projects\Ram optimiser\src\HardwareControl\SafeAcpiInterface.cs(226,43): error CS1503: Argument 1: cannot convert from 'RamOptimizer.HardwareControl.AsusAcpiInterface' to 'RamOptimizer.Core.Interfaces.IHardwareController' [C:\Users\Jarrod\Desktop\VS Code Projects\Ram optimiser\src\HardwareControl\HardwareControl.csproj]
C:\Users\Jarrod\Desktop\VS Code Projects\Ram optimiser\src\HardwareControl\SafeAcpiInterface.cs(234,41): error CS1503: Argument 1: cannot convert from 'RamOptimizer.HardwareControl.AsusAcpiInterface' to 'RamOptimizer.Core.Interfaces.IHardwareController' [C:\Users\Jarrod\Desktop\VS Code Projects\Ram optimiser\src\HardwareControl\HardwareControl.csproj]
    54 Warning(s)
    12 Error(s)

Time Elapsed 00:00:01.50
